Return-Path: <linux-raid+bounces-1918-lists+linux-raid=lfdr.de@vger.kernel.org>
X-Original-To: lists+linux-raid@lfdr.de
Delivered-To: lists+linux-raid@lfdr.de
Received: from am.mirrors.kernel.org (am.mirrors.kernel.org [147.75.80.249])
	by mail.lfdr.de (Postfix) with ESMTPS id E845F907940
	for <lists+linux-raid@lfdr.de>; Thu, 13 Jun 2024 19:05:03 +0200 (CEST)
Received: from smtp.subspace.kernel.org (wormhole.subspace.kernel.org [52.25.139.140])
	(using TLSv1.2 with cipher ECDHE-RSA-AES256-GCM-SHA384 (256/256 bits))
	(No client certificate requested)
	by am.mirrors.kernel.org (Postfix) with ESMTPS id 6E9D41F24689
	for <lists+linux-raid@lfdr.de>; Thu, 13 Jun 2024 17:05:03 +0000 (UTC)
Received: from localhost.localdomain (localhost.localdomain [127.0.0.1])
	by smtp.subspace.kernel.org (Postfix) with ESMTP id 3C5861474D8;
	Thu, 13 Jun 2024 17:04:57 +0000 (UTC)
X-Original-To: linux-raid@vger.kernel.org
Received: from mail.astro.cornell.edu (mail2.astro.cornell.edu [132.236.7.91])
	(using TLSv1.2 with cipher ECDHE-RSA-AES256-GCM-SHA384 (256/256 bits))
	(No client certificate requested)
	by smtp.subspace.kernel.org (Postfix) with ESMTPS id 8A4A44C6B
	for <linux-raid@vger.kernel.org>; Thu, 13 Jun 2024 17:04:54 +0000 (UTC)
Authentication-Results: smtp.subspace.kernel.org; arc=none smtp.client-ip=132.236.7.91
ARC-Seal:i=1; a=rsa-sha256; d=subspace.kernel.org; s=arc-20240116;
	t=1718298297; cv=none; b=EPFi4h0z6t3tNuzlek3FGzhhPZXRMsvEzwzXp9AQ8jm4EqH4D6IWmdw1+56vMsCKVhQxeUU/gV3QklOgvHtD8H7Q1aC4Vvzyg222v8PHWRDhRkcCEgd23wXrM2pN6A1hifMWOr9jjw1nz8nDS62leaV7kDqC7Ut4HnhIInLfOgQ=
ARC-Message-Signature:i=1; a=rsa-sha256; d=subspace.kernel.org;
	s=arc-20240116; t=1718298297; c=relaxed/simple;
	bh=1HhwruYtfQ7gKMOS9Q3AYFwu1sFki1XnalZ0nDYAMus=;
	h=Message-ID:Subject:From:To:Date:Content-Type:MIME-Version; b=Jt5SY/nVaHC8Gxaq+65RhbE3Ief+gJ9Li7wiWox90uAy4CEVGZ3QvKj4hgp826uZ1H2HjpNa+uWxzOraa+FDLP7yqXqsDv4sDgJB55h6jDsEHregs6j+cJc3UeUq3f9JvDUGGXMWT66izrzFlPc5e1+1dNyQfuGlyLZ2G8nYiuM=
ARC-Authentication-Results:i=1; smtp.subspace.kernel.org; dmarc=pass (p=none dis=none) header.from=astro.cornell.edu; spf=pass smtp.mailfrom=astro.cornell.edu; arc=none smtp.client-ip=132.236.7.91
Authentication-Results: smtp.subspace.kernel.org; dmarc=pass (p=none dis=none) header.from=astro.cornell.edu
Authentication-Results: smtp.subspace.kernel.org; spf=pass smtp.mailfrom=astro.cornell.edu
Message-ID: <303bab326f482ac151f5f45c26aaf174a20e12e7.camel@astro.cornell.edu>
Subject: Cleaning up a Raid5 after discrepancies discovered
From: dfc <chernoff@astro.cornell.edu>
To: "linux-raid@vger.kernel.org" <linux-raid@vger.kernel.org>
Date: Thu, 13 Jun 2024 12:36:50 -0400
Autocrypt: addr=chernoff@astro.cornell.edu; prefer-encrypt=mutual;
 keydata=mQGiBElgOikRBAC9LzCiPEtsyMHg7LpOnZyMDgHTVl0xtVZgTsrSwvvUlUc9A+4BKnnSrQtxbBXDql970wCl2JHWG4Ods4zVbl4bSJAHkg8UcMDjqZYsrgYxomsztkzkQQ0yYHiCeG6RxQLuofbTRwnU2Ryl9Iy3L/Jct1uTilBQETfp3DQI4OIPdwCgmLZ3RdcfboF3hrbk2ojfRC2GitsD/Rg0yLJdOq5gAfrujsqpivkSMborZMYXk45w+FOUSae8Joxc4Nn8uPp/L6IArxMhnQHQtKWKp+soyBkXCJNUtBRf7z3gJvhzfm5fyx+8jp8VO/VtG5D6HcQPAtldXeFmxRMHLKJxqOk5uPSYms/ek9vDGYeVPlBVInVza3Y0ED8EBACtptFkMiqQkGH9twd6lsKLhIqSdKiIrd66vx7JKsr2Gjqw3NaegUiBHm30po4vyT7E3CSwSssfuxq5d4jgkWdigTyZsVcAf8AdRziM82Jzn3HGThazWa2pSIWiwDXFEhsSnEdffyPLelsYpxM1FCcVaXcTTUNjggjZLv27q9bam7QuRGF2aWQgRi4gQ2hlcm5vZmYgPGNoZXJub2ZmQGFzdHJvLmNvcm5lbGwuZWR1PohgBBMRAgAgBQJJYDopAhsDBgsJCAcDAgQVAggDBBYCAwECHgECF4AACgkQrs4cZLEan8CVSQCeO+uHifmj/GUy4zeeEqgSnaOF5fAAni/4mhFRfEizKBCkBjCvklzB7I8GuQINBElgOikQCACNG/05kiGkiFy43oWq/qqU61OeEF90Y190ANDRpKEUxNYpxTv+oIxOGeer7uafWJ6QSrsDUg7SSI8y7mEsC4RbbLGapDX7Gmfo6JaaMvmtRITNPOBQOYhpNJVY+4KB8O63xGxeqvsxwnE0N4OPO/KFO5vAncPGUJC2uuR+8NU/tGY80QoddasxtHJGRt9K1PjeKJin7Egrt6UnIQuvOm5UcuhIS
	Oe1Jo+b3jlNCpibe1nHprM1hrqKzsOj58CITOdXSh7JGoZ3inPba1a0T57+HHf6A83FxplUu5QbenR3bZGtG0XxMo/c09GbgscX4JV3iHBvrAN1VMrpVfRMGey/AAMHB/9ZF2JZhex3IkXfY3NKx+fXgMahtxHN5dQezjawXK3BfKf2FHvauAqq6on+qr3leOp0/F9qpXl7bMhti7jINUp/Erd2ttykA2ReP1zCUPqJnWJ+VO/KuMGCNBME0PnqOJzy+FtYBsL1YRUnk+8y5tAc7rmUmUDYS0IjxuSPaSGHvKq7aF4kq4w9LtRCqsFzDC39P6Z59Y4KHQvcK1pRnomXVo0tRUiX6X+ej3tf+iE6OxUgxLKXgr0TXNauV80h4QdGPBFgnCvY8jkzrSIDyaEQNym+q4Z48zSjRMj1F6mdHH0JfHdb5OdWTyYnLemZkJI8DtF4/5swC/vP+KxiXmtCiEkEGBECAAkFAklgOikCGwwACgkQrs4cZLEan8CM1gCeKGnXzALjUGKEFNqKH9oUzbC3bU0AoIzcP5dBn31OxzwHsVgTW89S9a/l
Content-Type: text/plain; charset="UTF-8"
Content-Transfer-Encoding: quoted-printable
User-Agent: Evolution 3.50.4 (3.50.4-1.fc39) 
Precedence: bulk
X-Mailing-List: linux-raid@vger.kernel.org
List-Id: <linux-raid.vger.kernel.org>
List-Subscribe: <mailto:linux-raid+subscribe@vger.kernel.org>
List-Unsubscribe: <mailto:linux-raid+unsubscribe@vger.kernel.org>
MIME-Version: 1.0

I noticed some data inconsistencies in my raid5 (5 disks, 3.6T per
disk) and discovered via smartmon that 1 disk was about to fail (many
reallocated sectors). Mismatch_cnt was approximately 128 at this point.
I don't have a spare 6th disk in the setup.

I dd'd the failing disk's entire contents (including partition table)
to a new (8T) disk and inserted it in the array. The new configuration
was recognized without problems. I ran check without mounting the file
system. This completed (I failed to check dmesg to see how many
inconsistencies it found). I mounted the file system and things seemed
OK.

Next I did a diff with respect to a backup (unfortunately a close but
not perfect backup). There were definitely some differencies within
some binary files.

So I ran check (again) at this point and see some mismatched sectors
in the dmesg log and the Mismatch_cnt is 128.

My question is "how to clean up this array?"

Should I try to delete the specific files I know have discrepancies
and recopy them from the backup? Does that cure the mismatches in the
space occuppied by those files?

I have seen a post with a user filling the disk with zero's and then
deleting that file to deal with mismatches in free space.

What strategy one should take when it's clear that there's been a
limited amount of bitrot?

Thanks
David

PS Detailed information is attached below

-------------------------------------------------------------------

$ uname -a
Linux xxxxxxx 6.8.11-200.fc39.x86_64 #1 SMP PREEMPT_DYNAMIC Sun May 26
20:05:41 UTC 2024 x86_64 GNU/Linux

$ mdadm --version
mdadm - v4.2 - 2021-12-30

$ more /proc/mdstat=20
Personalities : [raid6] [raid5] [raid4]=20
md127 : active raid5 sdi1[3] sdk1[1] sdl1[0] sdj1[2] sdh1[5]
      15627542528 blocks super 1.2 level 5, 512k chunk, algorithm 2
[5/5] [UUUUU
]
      bitmap: 0/30 pages [0KB], 65536KB chunk

unused devices: <none>

$ more /sys/block/md127/md/mismatch_cnt=20
128

checking operation:

$more dmesg

[518371.195611] md/raid:md127: device sdi1 operational as raid disk 3
[518371.195621] md/raid:md127: device sdk1 operational as raid disk 1
[518371.195625] md/raid:md127: device sdl1 operational as raid disk 0
[518371.195627] md/raid:md127: device sdj1 operational as raid disk 2
[518371.195630] md/raid:md127: device sdh1 operational as raid disk 4
[518371.197612] md/raid:md127: raid level 5 active with 5 out of 5
devices, algorithm 2
[518371.233040] md127: detected capacity change from 0 to 31255085056
[518615.655340] SGI XFS with ACLs, security attributes, realtime,
scrub, quota, no debug enabled
[518615.661545] XFS (md127): Deprecated V4 format (crc=3D0) will not be
supported after September 2030.
[518615.661970] XFS (md127): Mounting V4 Filesystem 134d3d10-3a73-462d-
bf7f-03b2310638c1
[518616.108155] XFS (md127): Starting recovery (logdev: internal)
[518616.182117] XFS (md127): Ending recovery (logdev: internal)
[518616.182357] XFS (md127): Unmounting Filesystem 134d3d10-3a73-462d-
bf7f-03b2310638c1
[518633.338736] XFS (md127): Mounting V4 Filesystem 134d3d10-3a73-462d-
bf7f-03b2310638c1
[518633.740966] XFS (md127): Ending clean mount
[525118.638537] md: data-check of RAID array md127
[560647.736826] perf: interrupt took too long (6462 > 6453), lowering
kernel.perf_event_max_sample_rate to 30000
[757745.588678] md127: mismatch sector in range 3574914288-3574914296
[757745.588690] md127: mismatch sector in range 3574914296-3574914304
[757748.955261] md127: mismatch sector in range 3575062536-3575062544
[757827.106584] md127: mismatch sector in range 3576178688-3576178696
[779366.372926] md127: mismatch sector in range 3907250080-3907250088
[779383.573705] md127: mismatch sector in range 3907600576-3907600584
[820930.145928] md127: mismatch sector in range 4559852464-4559852472
[820930.145940] md127: mismatch sector in range 4559852472-4559852480
[820930.145943] md127: mismatch sector in range 4559852480-4559852488
[820930.145946] md127: mismatch sector in range 4559852488-4559852496
[820930.145948] md127: mismatch sector in range 4559852496-4559852504
[820930.145953] md127: mismatch sector in range 4559852504-4559852512
[820930.145955] md127: mismatch sector in range 4559852512-4559852520
[820930.145958] md127: mismatch sector in range 4559852520-4559852528
[820930.145960] md127: mismatch sector in range 4559852528-4559852536
[820930.145963] md127: mismatch sector in range 4559852536-4559852544
[1024770.015887] md: md127: data-check done.


$ sudo mdadm --examine /dev/sdi
/dev/sdi:
   MBR Magic : aa55
Partition[0] :   4294967295 sectors at            1 (type ee)
$ sudo mdadm --examine /dev/sdj
/dev/sdj:
   MBR Magic : aa55
Partition[0] :   4294967295 sectors at            1 (type ee)
$ sudo mdadm --examine /dev/sdk
/dev/sdk:
   MBR Magic : aa55
Partition[0] :   4294967295 sectors at            1 (type ee)
$ sudo mdadm --examine /dev/sdl
/dev/sdl:
   MBR Magic : aa55
Partition[0] :   4294967295 sectors at            1 (type ee)
$ sudo mdadm --examine /dev/sdh
/dev/sdh:
   MBR Magic : aa55
Partition[0] :   4294967295 sectors at            1 (type ee)
$ sudo mdadm --examine /dev/sdi1
/dev/sdi1:
          Magic : a92b4efc
        Version : 1.2
    Feature Map : 0x1
     Array UUID : 954b2546:5c467e9c:a4eb74e3:27dad837
           Name : impala:0
  Creation Time : Fri May 22 15:32:31 2015
     Raid Level : raid5
   Raid Devices : 5

 Avail Dev Size : 7813771264 sectors (3.64 TiB 4.00 TB)
     Array Size : 15627542528 KiB (14.55 TiB 16.00 TB)
    Data Offset : 262144 sectors
   Super Offset : 8 sectors
   Unused Space : before=3D262056 sectors, after=3D0 sectors
          State : clean
    Device UUID : 2e1a57ff:f892fb23:1f698390:53dd98e3

Internal Bitmap : 8 sectors from superblock
    Update Time : Thu Jun 13 06:44:05 2024
  Bad Block Log : 512 entries available at offset 72 sectors
       Checksum : 2f92510e - correct
         Events : 209201

         Layout : left-symmetric
     Chunk Size : 512K

   Device Role : Active device 3
   Array State : AAAAA ('A' =3D=3D active, '.' =3D=3D missing, 'R' =3D=3D
replacing)
$ sudo mdadm --examine /dev/sdj1
/dev/sdj1:
          Magic : a92b4efc
        Version : 1.2
    Feature Map : 0x1
     Array UUID : 954b2546:5c467e9c:a4eb74e3:27dad837
           Name : impala:0
  Creation Time : Fri May 22 15:32:31 2015
     Raid Level : raid5
   Raid Devices : 5

 Avail Dev Size : 7813771264 sectors (3.64 TiB 4.00 TB)
     Array Size : 15627542528 KiB (14.55 TiB 16.00 TB)
    Data Offset : 262144 sectors
   Super Offset : 8 sectors
   Unused Space : before=3D262056 sectors, after=3D0 sectors
          State : clean
    Device UUID : 3be7bbb4:4e5f07e3:f78f3c31:5bd6df6b

Internal Bitmap : 8 sectors from superblock
    Update Time : Thu Jun 13 06:44:05 2024
  Bad Block Log : 512 entries available at offset 72 sectors
       Checksum : cd030a4f - correct
         Events : 209201

         Layout : left-symmetric
     Chunk Size : 512K

   Device Role : Active device 2
   Array State : AAAAA ('A' =3D=3D active, '.' =3D=3D missing, 'R' =3D=3D
replacing)
$ sudo mdadm --examine /dev/sdk1
/dev/sdk1:
          Magic : a92b4efc
        Version : 1.2
    Feature Map : 0x1
     Array UUID : 954b2546:5c467e9c:a4eb74e3:27dad837
           Name : impala:0
  Creation Time : Fri May 22 15:32:31 2015
     Raid Level : raid5
   Raid Devices : 5

 Avail Dev Size : 7813771264 sectors (3.64 TiB 4.00 TB)
     Array Size : 15627542528 KiB (14.55 TiB 16.00 TB)
    Data Offset : 262144 sectors
   Super Offset : 8 sectors
   Unused Space : before=3D262056 sectors, after=3D0 sectors
          State : clean
    Device UUID : 2b09eed0:0a6ead54:48671d28:0abd1b6e

Internal Bitmap : 8 sectors from superblock
    Update Time : Thu Jun 13 06:44:05 2024
  Bad Block Log : 512 entries available at offset 72 sectors
       Checksum : 53f7fcb2 - correct
         Events : 209201

         Layout : left-symmetric
     Chunk Size : 512K

   Device Role : Active device 1
   Array State : AAAAA ('A' =3D=3D active, '.' =3D=3D missing, 'R' =3D=3D
replacing)
$ sudo mdadm --examine /dev/sdl1
/dev/sdl1:
          Magic : a92b4efc
        Version : 1.2
    Feature Map : 0x1
     Array UUID : 954b2546:5c467e9c:a4eb74e3:27dad837
           Name : impala:0
  Creation Time : Fri May 22 15:32:31 2015
     Raid Level : raid5
   Raid Devices : 5

 Avail Dev Size : 7813771264 sectors (3.64 TiB 4.00 TB)
     Array Size : 15627542528 KiB (14.55 TiB 16.00 TB)
    Data Offset : 262144 sectors
   Super Offset : 8 sectors
   Unused Space : before=3D262056 sectors, after=3D0 sectors
          State : clean
    Device UUID : 324b49de:233d8769:7f75afad:dddb0ec8

Internal Bitmap : 8 sectors from superblock
    Update Time : Thu Jun 13 06:44:05 2024
  Bad Block Log : 512 entries available at offset 72 sectors
       Checksum : 55b23724 - correct
         Events : 209201

         Layout : left-symmetric
     Chunk Size : 512K

   Device Role : Active device 0
   Array State : AAAAA ('A' =3D=3D active, '.' =3D=3D missing, 'R' =3D=3D
replacing)
$ sudo mdadm --examine /dev/sdh1
/dev/sdh1:
          Magic : a92b4efc
        Version : 1.2
    Feature Map : 0x1
     Array UUID : 954b2546:5c467e9c:a4eb74e3:27dad837
           Name : impala:0
  Creation Time : Fri May 22 15:32:31 2015
     Raid Level : raid5
   Raid Devices : 5

 Avail Dev Size : 7813771264 sectors (3.64 TiB 4.00 TB)
     Array Size : 15627542528 KiB (14.55 TiB 16.00 TB)
    Data Offset : 262144 sectors
   Super Offset : 8 sectors
   Unused Space : before=3D262056 sectors, after=3D0 sectors
          State : clean
    Device UUID : f0cda836:8c1c28d1:53710d20:db8d088a

Internal Bitmap : 8 sectors from superblock
    Update Time : Thu Jun 13 06:44:05 2024
  Bad Block Log : 512 entries available at offset 72 sectors
       Checksum : 4a0a4721 - correct
         Events : 209201

         Layout : left-symmetric
     Chunk Size : 512K

   Device Role : Active device 4
   Array State : AAAAA ('A' =3D=3D active, '.' =3D=3D missing, 'R' =3D=3D
replacing)

$ lsblk
NAME                            MAJ:MIN RM   SIZE RO TYPE  MOUNTPOINTS
sda                               8:0    0 476.9G  0 disk =20
=E2=94=9C=E2=94=80sda1                            8:1    0    10G  0 part  =
/boot
=E2=94=94=E2=94=80sda2                            8:2    0 466.9G  0 part =
=20
  =E2=94=94=E2=94=80fedora_localhost--live-root 253:0    0 466.9G  0 lvm   =
/
sdb                               8:16   0   7.3T  0 disk =20
=E2=94=94=E2=94=80sdb1                            8:17   0   7.3T  0 part =
=20
sdc                               8:32   0   1.8T  0 disk =20
=E2=94=94=E2=94=80sdc1                            8:33   0   1.8T  0 part =
=20
sdd                               8:48   0   7.3T  0 disk =20
=E2=94=94=E2=94=80sdd1                            8:49   0   7.3T  0 part =
=20
sde                               8:64   0   1.8T  0 disk =20
=E2=94=94=E2=94=80sde1                            8:65   0   1.8T  0 part =
=20
sdf                               8:80   1     0B  0 disk =20
sdg                               8:96   1     0B  0 disk =20
sdh                               8:112  0   3.6T  0 disk =20
=E2=94=94=E2=94=80sdh1                            8:113  0   3.6T  0 part =
=20
  =E2=94=94=E2=94=80md127                         9:127  0  14.6T  0 raid5 =
/mnt/backup
sdi                               8:128  0   3.6T  0 disk =20
=E2=94=94=E2=94=80sdi1                            8:129  0   3.6T  0 part =
=20
  =E2=94=94=E2=94=80md127                         9:127  0  14.6T  0 raid5 =
/mnt/backup
sdj                               8:144  0   3.6T  0 disk =20
=E2=94=94=E2=94=80sdj1                            8:145  0   3.6T  0 part =
=20
  =E2=94=94=E2=94=80md127                         9:127  0  14.6T  0 raid5 =
/mnt/backup
sdk                               8:160  0   7.3T  0 disk =20
=E2=94=94=E2=94=80sdk1                            8:161  0   3.6T  0 part =
=20
  =E2=94=94=E2=94=80md127                         9:127  0  14.6T  0 raid5 =
/mnt/backup
sdl                               8:176  0   3.6T  0 disk =20
=E2=94=94=E2=94=80sdl1                            8:177  0   3.6T  0 part =
=20
  =E2=94=94=E2=94=80md127                         9:127  0  14.6T  0 raid5 =
/mnt/backup
sr0                              11:0    1  1024M  0 rom  =20
sr1                              11:1    1  1024M  0 rom  =20
zram0                           252:0    0     8G  0 disk  [SWAP]





